This is pdfTeX, Version 3.141592653-2.6-1.40.27 (TeX Live 2025) (preloaded format=pdflatex 2025.10.17)  17 OCT 2025 23:58
entering extended mode
 \write18 enabled.
 %&-line parsing enabled.
**main.tex
(./main.tex
LaTeX2e <2024-11-01> patch level 2
L3 programming layer <2025-01-18>
(/usr/local/texlive/2025/texmf-dist/tex/latex/ieeetran/IEEEtran.cls
Document Class: IEEEtran 2015/08/26 V1.8b by Michael Shell
-- See the "IEEEtran_HOWTO" manual for usage information.
-- http://www.michaelshell.org/tex/ieeetran/
\@IEEEtrantmpdimenA=\dimen141
\@IEEEtrantmpdimenB=\dimen142
\@IEEEtrantmpdimenC=\dimen143
\@IEEEtrantmpcountA=\count196
\@IEEEtrantmpcountB=\count197
\@IEEEtrantmpcountC=\count198
\@IEEEtrantmptoksA=\toks17
LaTeX Font Info:    Trying to load font information for OT1+ptm on input line 5
03.
(/usr/local/texlive/2025/texmf-dist/tex/latex/psnfss/ot1ptm.fd
File: ot1ptm.fd 2001/06/04 font definitions for OT1/ptm.
)
-- Using 8.5in x 11in (letter) paper.
-- Using PDF output.
\@IEEEnormalsizeunitybaselineskip=\dimen144
-- This is a 10 point document.
\CLASSINFOnormalsizebaselineskip=\dimen145
\CLASSINFOnormalsizeunitybaselineskip=\dimen146
\IEEEnormaljot=\dimen147
LaTeX Font Info:    Font shape `OT1/ptm/bx/n' in size <5> not available
(Font)              Font shape `OT1/ptm/b/n' tried instead on input line 1090.
LaTeX Font Info:    Font shape `OT1/ptm/bx/it' in size <5> not available
(Font)              Font shape `OT1/ptm/b/it' tried instead on input line 1090.

LaTeX Font Info:    Font shape `OT1/ptm/bx/n' in size <7> not available
(Font)              Font shape `OT1/ptm/b/n' tried instead on input line 1090.
LaTeX Font Info:    Font shape `OT1/ptm/bx/it' in size <7> not available
(Font)              Font shape `OT1/ptm/b/it' tried instead on input line 1090.

LaTeX Font Info:    Font shape `OT1/ptm/bx/n' in size <8> not available
(Font)              Font shape `OT1/ptm/b/n' tried instead on input line 1090.
LaTeX Font Info:    Font shape `OT1/ptm/bx/it' in size <8> not available
(Font)              Font shape `OT1/ptm/b/it' tried instead on input line 1090.

LaTeX Font Info:    Font shape `OT1/ptm/bx/n' in size <9> not available
(Font)              Font shape `OT1/ptm/b/n' tried instead on input line 1090.
LaTeX Font Info:    Font shape `OT1/ptm/bx/it' in size <9> not available
(Font)              Font shape `OT1/ptm/b/it' tried instead on input line 1090.

LaTeX Font Info:    Font shape `OT1/ptm/bx/n' in size <10> not available
(Font)              Font shape `OT1/ptm/b/n' tried instead on input line 1090.
LaTeX Font Info:    Font shape `OT1/ptm/bx/it' in size <10> not available
(Font)              Font shape `OT1/ptm/b/it' tried instead on input line 1090.

LaTeX Font Info:    Font shape `OT1/ptm/bx/n' in size <11> not available
(Font)              Font shape `OT1/ptm/b/n' tried instead on input line 1090.
LaTeX Font Info:    Font shape `OT1/ptm/bx/it' in size <11> not available
(Font)              Font shape `OT1/ptm/b/it' tried instead on input line 1090.

LaTeX Font Info:    Font shape `OT1/ptm/bx/n' in size <12> not available
(Font)              Font shape `OT1/ptm/b/n' tried instead on input line 1090.
LaTeX Font Info:    Font shape `OT1/ptm/bx/it' in size <12> not available
(Font)              Font shape `OT1/ptm/b/it' tried instead on input line 1090.

LaTeX Font Info:    Font shape `OT1/ptm/bx/n' in size <17> not available
(Font)              Font shape `OT1/ptm/b/n' tried instead on input line 1090.
LaTeX Font Info:    Font shape `OT1/ptm/bx/it' in size <17> not available
(Font)              Font shape `OT1/ptm/b/it' tried instead on input line 1090.

LaTeX Font Info:    Font shape `OT1/ptm/bx/n' in size <20> not available
(Font)              Font shape `OT1/ptm/b/n' tried instead on input line 1090.
LaTeX Font Info:    Font shape `OT1/ptm/bx/it' in size <20> not available
(Font)              Font shape `OT1/ptm/b/it' tried instead on input line 1090.

LaTeX Font Info:    Font shape `OT1/ptm/bx/n' in size <24> not available
(Font)              Font shape `OT1/ptm/b/n' tried instead on input line 1090.
LaTeX Font Info:    Font shape `OT1/ptm/bx/it' in size <24> not available
(Font)              Font shape `OT1/ptm/b/it' tried instead on input line 1090.

\IEEEquantizedlength=\dimen148
\IEEEquantizedlengthdiff=\dimen149
\IEEEquantizedtextheightdiff=\dimen150
\IEEEilabelindentA=\dimen151
\IEEEilabelindentB=\dimen152
\IEEEilabelindent=\dimen153
\IEEEelabelindent=\dimen154
\IEEEdlabelindent=\dimen155
\IEEElabelindent=\dimen156
\IEEEiednormlabelsep=\dimen157
\IEEEiedmathlabelsep=\dimen158
\IEEEiedtopsep=\skip49
\c@section=\count199
\c@subsection=\count266
\c@subsubsection=\count267
\c@paragraph=\count268
\c@IEEEsubequation=\count269
\abovecaptionskip=\skip50
\belowcaptionskip=\skip51
\c@figure=\count270
\c@table=\count271
\@IEEEeqnnumcols=\count272
\@IEEEeqncolcnt=\count273
\@IEEEsubeqnnumrollback=\count274
\@IEEEquantizeheightA=\dimen159
\@IEEEquantizeheightB=\dimen160
\@IEEEquantizeheightC=\dimen161
\@IEEEquantizeprevdepth=\dimen162
\@IEEEquantizemultiple=\count275
\@IEEEquantizeboxA=\box52
\@IEEEtmpitemindent=\dimen163
\IEEEPARstartletwidth=\dimen164
\c@IEEEbiography=\count276
\@IEEEtranrubishbin=\box53
)
** ATTENTION: Overriding command lockouts (line 2).
(/usr/local/texlive/2025/texmf-dist/tex/latex/booktabs/booktabs.sty
Package: booktabs 2020/01/12 v1.61803398 Publication quality tables
\heavyrulewidth=\dimen165
\lightrulewidth=\dimen166
\cmidrulewidth=\dimen167
\belowrulesep=\dimen168
\belowbottomsep=\dimen169
\aboverulesep=\dimen170
\abovetopsep=\dimen171
\cmidrulesep=\dimen172
\cmidrulekern=\dimen173
\defaultaddspace=\dimen174
\@cmidla=\count277
\@cmidlb=\count278
\@aboverulesep=\dimen175
\@belowrulesep=\dimen176
\@thisruleclass=\count279
\@lastruleclass=\count280
\@thisrulewidth=\dimen177
)
(/usr/local/texlive/2025/texmf-dist/tex/latex/cite/cite.sty
LaTeX Info: Redefining \cite on input line 302.
LaTeX Info: Redefining \nocite on input line 332.
Package: cite 2015/02/27  v 5.5
)
(/usr/local/texlive/2025/texmf-dist/tex/latex/amsmath/amsmath.sty
Package: amsmath 2024/11/05 v2.17t AMS math features
\@mathmargin=\skip52

For additional information on amsmath, use the `?' option.
(/usr/local/texlive/2025/texmf-dist/tex/latex/amsmath/amstext.sty
Package: amstext 2021/08/26 v2.01 AMS text

(/usr/local/texlive/2025/texmf-dist/tex/latex/amsmath/amsgen.sty
File: amsgen.sty 1999/11/30 v2.0 generic functions
\@emptytoks=\toks18
\ex@=\dimen178
))
(/usr/local/texlive/2025/texmf-dist/tex/latex/amsmath/amsbsy.sty
Package: amsbsy 1999/11/29 v1.2d Bold Symbols
\pmbraise@=\dimen179
)
(/usr/local/texlive/2025/texmf-dist/tex/latex/amsmath/amsopn.sty
Package: amsopn 2022/04/08 v2.04 operator names
)
\inf@bad=\count281
LaTeX Info: Redefining \frac on input line 233.
\uproot@=\count282
\leftroot@=\count283
LaTeX Info: Redefining \overline on input line 398.
LaTeX Info: Redefining \colon on input line 409.
\classnum@=\count284
\DOTSCASE@=\count285
LaTeX Info: Redefining \ldots on input line 495.
LaTeX Info: Redefining \dots on input line 498.
LaTeX Info: Redefining \cdots on input line 619.
\Mathstrutbox@=\box54
\strutbox@=\box55
LaTeX Info: Redefining \big on input line 721.
LaTeX Info: Redefining \Big on input line 722.
LaTeX Info: Redefining \bigg on input line 723.
LaTeX Info: Redefining \Bigg on input line 724.
\big@size=\dimen180
LaTeX Font Info:    Redeclaring font encoding OML on input line 742.
LaTeX Font Info:    Redeclaring font encoding OMS on input line 743.
\macc@depth=\count286
LaTeX Info: Redefining \bmod on input line 904.
LaTeX Info: Redefining \pmod on input line 909.
LaTeX Info: Redefining \smash on input line 939.
LaTeX Info: Redefining \relbar on input line 969.
LaTeX Info: Redefining \Relbar on input line 970.
\c@MaxMatrixCols=\count287
\dotsspace@=\muskip17
\c@parentequation=\count288
\dspbrk@lvl=\count289
\tag@help=\toks19
\row@=\count290
\column@=\count291
\maxfields@=\count292
\andhelp@=\toks20
\eqnshift@=\dimen181
\alignsep@=\dimen182
\tagshift@=\dimen183
\tagwidth@=\dimen184
\totwidth@=\dimen185
\lineht@=\dimen186
\@envbody=\toks21
\multlinegap=\skip53
\multlinetaggap=\skip54
\mathdisplay@stack=\toks22
LaTeX Info: Redefining \[ on input line 2953.
LaTeX Info: Redefining \] on input line 2954.
)
(/usr/local/texlive/2025/texmf-dist/tex/latex/amsfonts/amssymb.sty
Package: amssymb 2013/01/14 v3.01 AMS font symbols

(/usr/local/texlive/2025/texmf-dist/tex/latex/amsfonts/amsfonts.sty
Package: amsfonts 2013/01/14 v3.01 Basic AMSFonts support
\symAMSa=\mathgroup4
\symAMSb=\mathgroup5
LaTeX Font Info:    Redeclaring math symbol \hbar on input line 98.
LaTeX Font Info:    Overwriting math alphabet `\mathfrak' in version `bold'
(Font)                  U/euf/m/n --> U/euf/b/n on input line 106.
))
(/usr/local/texlive/2025/texmf-dist/tex/latex/algorithms/algorithmic.sty
Package: algorithmic 2009/08/24 v0.1 Document Style `algorithmic'

(/usr/local/texlive/2025/texmf-dist/tex/latex/base/ifthen.sty
Package: ifthen 2024/03/16 v1.1e Standard LaTeX ifthen package (DPC)
)
(/usr/local/texlive/2025/texmf-dist/tex/latex/graphics/keyval.sty
Package: keyval 2022/05/29 v1.15 key=value parser (DPC)
\KV@toks@=\toks23
)
\c@ALC@unique=\count293
\c@ALC@line=\count294
\c@ALC@rem=\count295
\c@ALC@depth=\count296
\ALC@tlm=\skip55
\algorithmicindent=\skip56
)
(/usr/local/texlive/2025/texmf-dist/tex/latex/graphics/graphicx.sty
Package: graphicx 2021/09/16 v1.2d Enhanced LaTeX Graphics (DPC,SPQR)

(/usr/local/texlive/2025/texmf-dist/tex/latex/graphics/graphics.sty
Package: graphics 2024/08/06 v1.4g Standard LaTeX Graphics (DPC,SPQR)

(/usr/local/texlive/2025/texmf-dist/tex/latex/graphics/trig.sty
Package: trig 2023/12/02 v1.11 sin cos tan (DPC)
)
(/usr/local/texlive/2025/texmf-dist/tex/latex/graphics-cfg/graphics.cfg
File: graphics.cfg 2016/06/04 v1.11 sample graphics configuration
)
Package graphics Info: Driver file: pdftex.def on input line 106.

(/usr/local/texlive/2025/texmf-dist/tex/latex/graphics-def/pdftex.def
File: pdftex.def 2024/04/13 v1.2c Graphics/color driver for pdftex
))
\Gin@req@height=\dimen187
\Gin@req@width=\dimen188
)
(/usr/local/texlive/2025/texmf-dist/tex/latex/base/textcomp.sty
Package: textcomp 2024/04/24 v2.1b Standard LaTeX package
)
(/usr/local/texlive/2025/texmf-dist/tex/latex/xcolor/xcolor.sty
Package: xcolor 2024/09/29 v3.02 LaTeX color extensions (UK)

(/usr/local/texlive/2025/texmf-dist/tex/latex/graphics-cfg/color.cfg
File: color.cfg 2016/01/02 v1.6 sample color configuration
)
Package xcolor Info: Driver file: pdftex.def on input line 274.

(/usr/local/texlive/2025/texmf-dist/tex/latex/graphics/mathcolor.ltx)
Package xcolor Info: Model `cmy' substituted by `cmy0' on input line 1349.
Package xcolor Info: Model `hsb' substituted by `rgb' on input line 1353.
Package xcolor Info: Model `RGB' extended on input line 1365.
Package xcolor Info: Model `HTML' substituted by `rgb' on input line 1367.
Package xcolor Info: Model `Hsb' substituted by `hsb' on input line 1368.
Package xcolor Info: Model `tHsb' substituted by `hsb' on input line 1369.
Package xcolor Info: Model `HSB' substituted by `hsb' on input line 1370.
Package xcolor Info: Model `Gray' substituted by `gray' on input line 1371.
Package xcolor Info: Model `wave' substituted by `hsb' on input line 1372.
)
(/usr/local/texlive/2025/texmf-dist/tex/latex/multirow/multirow.sty
Package: multirow 2024/11/12 v2.9 Span multiple rows of a table
\multirow@colwidth=\skip57
\multirow@cntb=\count297
\multirow@dima=\skip58
\bigstrutjot=\dimen189
)
(/usr/local/texlive/2025/texmf-dist/tex/latex/url/url.sty
\Urlmuskip=\muskip18
Package: url 2013/09/16  ver 3.4  Verb mode for urls, etc.
)
(/usr/local/texlive/2025/texmf-dist/tex/latex/svg/svg.sty
Package: svg 2020/11/26 v2.02k (include SVG pictures)

(/usr/local/texlive/2025/texmf-dist/tex/generic/iftex/iftex.sty
Package: iftex 2024/12/12 v1.0g TeX engine tests
)
(/usr/local/texlive/2025/texmf-dist/tex/latex/koma-script/scrbase.sty
Package: scrbase 2024/10/24 v3.43 KOMA-Script package (KOMA-Script-independent 
basics and keyval usage)

(/usr/local/texlive/2025/texmf-dist/tex/latex/koma-script/scrlfile.sty
Package: scrlfile 2024/10/24 v3.43 KOMA-Script package (file load hooks)

(/usr/local/texlive/2025/texmf-dist/tex/latex/koma-script/scrlfile-hook.sty
Package: scrlfile-hook 2024/10/24 v3.43 KOMA-Script package (using LaTeX hooks)


(/usr/local/texlive/2025/texmf-dist/tex/latex/koma-script/scrlogo.sty
Package: scrlogo 2024/10/24 v3.43 KOMA-Script package (logo)
)))
Applying: [2021/05/01] Usage of raw or classic option list on input line 254.
Already applied: [0000/00/00] Usage of raw or classic option list on input line
 370.
)
(/usr/local/texlive/2025/texmf-dist/tex/generic/pdftexcmds/pdftexcmds.sty
Package: pdftexcmds 2020-06-27 v0.33 Utility functions of pdfTeX for LuaTeX (HO
)

(/usr/local/texlive/2025/texmf-dist/tex/generic/infwarerr/infwarerr.sty
Package: infwarerr 2019/12/03 v1.5 Providing info/warning/error messages (HO)
)
(/usr/local/texlive/2025/texmf-dist/tex/generic/ltxcmds/ltxcmds.sty
Package: ltxcmds 2023-12-04 v1.26 LaTeX kernel commands for general use (HO)
)
Package pdftexcmds Info: \pdf@primitive is available.
Package pdftexcmds Info: \pdf@ifprimitive is available.
Package pdftexcmds Info: \pdfdraftmode found.
)
(/usr/local/texlive/2025/texmf-dist/tex/latex/trimspaces/trimspaces.sty
Package: trimspaces 2009/09/17 v1.1 Trim spaces around a token list
)
(/usr/local/texlive/2025/texmf-dist/tex/latex/tools/shellesc.sty
Package: shellesc 2023/07/08 v1.0d unified shell escape interface for LaTeX
Package shellesc Info: Unrestricted shell escape enabled on input line 75.
)
(/usr/local/texlive/2025/texmf-dist/tex/latex/ifplatform/ifplatform.sty
Package: ifplatform 2017/10/13 v0.4a Testing for the operating system

(/usr/local/texlive/2025/texmf-dist/tex/generic/catchfile/catchfile.sty
Package: catchfile 2019/12/09 v1.8 Catch the contents of a file (HO)

(/usr/local/texlive/2025/texmf-dist/tex/generic/etexcmds/etexcmds.sty
Package: etexcmds 2019/12/15 v1.7 Avoid name clashes with e-TeX commands (HO)
))
(/usr/local/texlive/2025/texmf-dist/tex/generic/iftex/ifluatex.sty
Package: ifluatex 2019/10/25 v1.5 ifluatex legacy package. Use iftex instead.
)
runsystem(uname -s > "main.w18")...executed.

 (./main.w18)
runsystem(rm -- "main.w18")...executed.

)
\c@svg@param@lastpage=\count298
\svg@box=\box56
\c@svg@param@currpage=\count299
) (/usr/local/texlive/2025/texmf-dist/tex/latex/transparent/transparent.sty
Package: transparent 2022-10-27 v1.5 Transparency with color stacks

(/usr/local/texlive/2025/texmf-dist/tex/latex/transparent/transparent-nometadat
a.sty
Package: transparent-nometadata 2022-10-27 v1.5 Transparency via pdfTeX's color
 stack (HO)
 (/usr/local/texlive/2025/texmf-dist/tex/latex/auxhook/auxhook.sty
Package: auxhook 2019-12-17 v1.6 Hooks for auxiliary files (HO)
)))
(/usr/local/texlive/2025/texmf-dist/tex/latex/pgf/systemlayer/pgfsys.sty
(/usr/local/texlive/2025/texmf-dist/tex/latex/pgf/utilities/pgfrcs.sty
(/usr/local/texlive/2025/texmf-dist/tex/generic/pgf/utilities/pgfutil-common.te
x
\pgfutil@everybye=\toks24
\pgfutil@tempdima=\dimen190
\pgfutil@tempdimb=\dimen191
)
(/usr/local/texlive/2025/texmf-dist/tex/generic/pgf/utilities/pgfutil-latex.def
\pgfutil@abb=\box57
) (/usr/local/texlive/2025/texmf-dist/tex/generic/pgf/utilities/pgfrcs.code.tex
(/usr/local/texlive/2025/texmf-dist/tex/generic/pgf/pgf.revision.tex)
Package: pgfrcs 2023-01-15 v3.1.10 (3.1.10)
))
(/usr/local/texlive/2025/texmf-dist/tex/generic/pgf/systemlayer/pgfsys.code.tex
Package: pgfsys 2023-01-15 v3.1.10 (3.1.10)
(/usr/local/texlive/2025/texmf-dist/tex/generic/pgf/utilities/pgfkeys.code.tex
\pgfkeys@pathtoks=\toks25
\pgfkeys@temptoks=\toks26

(/usr/local/texlive/2025/texmf-dist/tex/generic/pgf/utilities/pgfkeyslibraryfil
tered.code.tex
\pgfkeys@tmptoks=\toks27
))
\pgf@x=\dimen192
\pgf@y=\dimen193
\pgf@xa=\dimen194
\pgf@ya=\dimen195
\pgf@xb=\dimen196
\pgf@yb=\dimen197
\pgf@xc=\dimen198
\pgf@yc=\dimen199
\pgf@xd=\dimen256
\pgf@yd=\dimen257
\w@pgf@writea=\write3
\r@pgf@reada=\read2
\c@pgf@counta=\count300
\c@pgf@countb=\count301
\c@pgf@countc=\count302
\c@pgf@countd=\count303
\t@pgf@toka=\toks28
\t@pgf@tokb=\toks29
\t@pgf@tokc=\toks30
\pgf@sys@id@count=\count304

(/usr/local/texlive/2025/texmf-dist/tex/generic/pgf/systemlayer/pgf.cfg
File: pgf.cfg 2023-01-15 v3.1.10 (3.1.10)
)
Driver file for pgf: pgfsys-pdftex.def

(/usr/local/texlive/2025/texmf-dist/tex/generic/pgf/systemlayer/pgfsys-pdftex.d
ef
File: pgfsys-pdftex.def 2023-01-15 v3.1.10 (3.1.10)

(/usr/local/texlive/2025/texmf-dist/tex/generic/pgf/systemlayer/pgfsys-common-p
df.def
File: pgfsys-common-pdf.def 2023-01-15 v3.1.10 (3.1.10)
)))
(/usr/local/texlive/2025/texmf-dist/tex/generic/pgf/systemlayer/pgfsyssoftpath.
code.tex
File: pgfsyssoftpath.code.tex 2023-01-15 v3.1.10 (3.1.10)
\pgfsyssoftpath@smallbuffer@items=\count305
\pgfsyssoftpath@bigbuffer@items=\count306
)
(/usr/local/texlive/2025/texmf-dist/tex/generic/pgf/systemlayer/pgfsysprotocol.
code.tex
File: pgfsysprotocol.code.tex 2023-01-15 v3.1.10 (3.1.10)
)) (/usr/local/texlive/2025/texmf-dist/tex/latex/float/float.sty
Package: float 2001/11/08 v1.3d Float enhancements (AL)
\c@float@type=\count307
\float@exts=\toks31
\float@box=\box58
\@float@everytoks=\toks32
\@floatcapt=\box59
)
(/usr/local/texlive/2025/texmf-dist/tex/latex/subfig/subfig.sty
Package: subfig 2005/06/28 ver: 1.3 subfig package

(/usr/local/texlive/2025/texmf-dist/tex/latex/caption/caption3.sty
Package: caption3 2023/07/31 v2.4d caption3 kernel (AR)
\caption@tempdima=\dimen258
\captionmargin=\dimen259
\caption@leftmargin=\dimen260
\caption@rightmargin=\dimen261
\caption@width=\dimen262
\caption@indent=\dimen263
\caption@parindent=\dimen264
\caption@hangindent=\dimen265
Package caption Info: Unknown document class (or package),
(caption)             standard defaults will be used.
Package caption Info: \@makecaption = \long macro:#1#2->\ifx \@captype \@IEEEta
blestring \footnotesize \bgroup \par \centering \@IEEEtabletopskipstrut {\norma
lfont \footnotesize #1}\\{\normalfont \footnotesize \scshape #2}\par \addvspace
 {0.5\baselineskip }\egroup \@IEEEtablecaptionsepspace \else \@IEEEfigurecaptio
nsepspace \setbox \@tempboxa \hbox {\normalfont \footnotesize {#1.}\nobreakspac
e \nobreakspace #2}\ifdim \wd \@tempboxa >\hsize \setbox \@tempboxa \hbox {\nor
malfont \footnotesize {#1.}\nobreakspace \nobreakspace }\parbox [t]{\hsize }{\n
ormalfont \footnotesize \noindent \unhbox \@tempboxa #2}\else \ifCLASSOPTIONcon
ference \hbox to\hsize {\normalfont \footnotesize \hfil \box \@tempboxa \hfil }
\else \hbox to\hsize {\normalfont \footnotesize \box \@tempboxa \hfil }\fi \fi 
\fi  on input line 1175.
)
\c@KVtest=\count308
\sf@farskip=\skip59
\sf@captopadj=\dimen266
\sf@capskip=\skip60
\sf@nearskip=\skip61
\c@subfigure=\count309
\c@subfigure@save=\count310
\c@lofdepth=\count311
\c@subtable=\count312
\c@subtable@save=\count313
\c@lotdepth=\count314
\sf@top=\skip62
\sf@bottom=\skip63
)
(/usr/local/texlive/2025/texmf-dist/tex/latex/placeins/placeins.sty
Package: placeins 2005/04/18  v 2.2
)
(/usr/local/texlive/2025/texmf-dist/tex/latex/l3backend/l3backend-pdftex.def
File: l3backend-pdftex.def 2024-05-08 L3 backend support: PDF output (pdfTeX)
\l__color_backend_stack_int=\count315
\l__pdf_internal_box=\box60
)
(./main.aux)
\openout1 = `main.aux'.

LaTeX Font Info:    Checking defaults for OML/cmm/m/it on input line 30.
LaTeX Font Info:    ... okay on input line 30.
LaTeX Font Info:    Checking defaults for OMS/cmsy/m/n on input line 30.
LaTeX Font Info:    ... okay on input line 30.
LaTeX Font Info:    Checking defaults for OT1/cmr/m/n on input line 30.
LaTeX Font Info:    ... okay on input line 30.
LaTeX Font Info:    Checking defaults for T1/cmr/m/n on input line 30.
LaTeX Font Info:    ... okay on input line 30.
LaTeX Font Info:    Checking defaults for TS1/cmr/m/n on input line 30.
LaTeX Font Info:    ... okay on input line 30.
LaTeX Font Info:    Checking defaults for OMX/cmex/m/n on input line 30.
LaTeX Font Info:    ... okay on input line 30.
LaTeX Font Info:    Checking defaults for U/cmr/m/n on input line 30.
LaTeX Font Info:    ... okay on input line 30.

-- Lines per column: 56 (exact).
(/usr/local/texlive/2025/texmf-dist/tex/context/base/mkii/supp-pdf.mkii
[Loading MPS to PDF converter (version 2006.09.02).]
\scratchcounter=\count316
\scratchdimen=\dimen267
\scratchbox=\box61
\nofMPsegments=\count317
\nofMParguments=\count318
\everyMPshowfont=\toks33
\MPscratchCnt=\count319
\MPscratchDim=\dimen268
\MPnumerator=\count320
\makeMPintoPDFobject=\count321
\everyMPtoPDFconversion=\toks34
) (/usr/local/texlive/2025/texmf-dist/tex/latex/epstopdf-pkg/epstopdf-base.sty
Package: epstopdf-base 2020-01-24 v2.11 Base part for package epstopdf

(/usr/local/texlive/2025/texmf-dist/tex/latex/grfext/grfext.sty
Package: grfext 2019/12/03 v1.3 Manage graphics extensions (HO)

(/usr/local/texlive/2025/texmf-dist/tex/generic/kvdefinekeys/kvdefinekeys.sty
Package: kvdefinekeys 2019-12-19 v1.6 Define keys (HO)
)) (/usr/local/texlive/2025/texmf-dist/tex/latex/kvoptions/kvoptions.sty
Package: kvoptions 2022-06-15 v3.15 Key value format for package options (HO)

(/usr/local/texlive/2025/texmf-dist/tex/latex/kvsetkeys/kvsetkeys.sty
Package: kvsetkeys 2022-10-05 v1.19 Key value parser (HO)
))
Package epstopdf-base Info: Redefining graphics rule for `.eps' on input line 4
85.
Package grfext Info: Graphics extension search list:
(grfext)             [.pdf,.png,.jpg,.mps,.jpeg,.jbig2,.jb2,.PDF,.PNG,.JPG,.JPE
G,.JBIG2,.JB2,.eps]
(grfext)             \AppendGraphicsExtensions on input line 504.

(/usr/local/texlive/2025/texmf-dist/tex/latex/latexconfig/epstopdf-sys.cfg
File: epstopdf-sys.cfg 2010/07/13 v1.3 Configuration of (r)epstopdf for TeX Liv
e
))
Package caption Info: Begin \AtBeginDocument code.
Package caption Info: subfig package v1.3 is loaded.
Package caption Info: End \AtBeginDocument code.
LaTeX Font Info:    Trying to load font information for U+msa on input line 74.


(/usr/local/texlive/2025/texmf-dist/tex/latex/amsfonts/umsa.fd
File: umsa.fd 2013/01/14 v3.01 AMS symbols A
)
LaTeX Font Info:    Trying to load font information for U+msb on input line 74.


(/usr/local/texlive/2025/texmf-dist/tex/latex/amsfonts/umsb.fd
File: umsb.fd 2013/01/14 v3.01 AMS symbols B
)

Package svg Info: Last page of `./svg-inkscape/mosaico_fashion_mnist_svg-tex.pd
f' is 1 on input line 105.
(./svg-inkscape/mosaico_fashion_mnist_svg-tex.pdf_tex
<./svg-inkscape/mosaico_fashion_mnist_svg-tex.pdf, id=5, page=1, 860.01299pt x 
408.99005pt>
File: ./svg-inkscape/mosaico_fashion_mnist_svg-tex.pdf Graphic file (type pdf)
<use ./svg-inkscape/mosaico_fashion_mnist_svg-tex.pdf, page 1>
Package pdftex.def Info: ./svg-inkscape/mosaico_fashion_mnist_svg-tex.pdf , pag
e1 used on input line 56.
(pdftex.def)             Requested size: 252.0pt x 119.83972pt.
)

[1{/usr/local/texlive/2025/texmf-var/fonts/map/pdftex/updmap/pdftex.map}{/usr/l
ocal/texlive/2025/texmf-dist/fonts/enc/dvips/base/8r.enc}


 <./svg-inkscape/mosaico_fashion_mnist_svg-tex.pdf>]
Package svg Info: Last page of `./svg-inkscape/distribucion_clases_fashionmnist
_svg-tex.pdf' is 1 on input line 118.

(./svg-inkscape/distribucion_clases_fashionmnist_svg-tex.pdf_tex
<./svg-inkscape/distribucion_clases_fashionmnist_svg-tex.pdf, id=69, page=1, 57
0.15825pt x 352.40045pt>
File: ./svg-inkscape/distribucion_clases_fashionmnist_svg-tex.pdf Graphic file 
(type pdf)
<use ./svg-inkscape/distribucion_clases_fashionmnist_svg-tex.pdf, page 1>
Package pdftex.def Info: ./svg-inkscape/distribucion_clases_fashionmnist_svg-te
x.pdf , page1 used on input line 56.
(pdftex.def)             Requested size: 232.19843pt x 143.51184pt.
)
Package svg Info: Last page of `./svg-inkscape/histograma_intensidades_fashionm
nist_svg-tex.pdf' is 1 on input line 129.

(./svg-inkscape/histograma_intensidades_fashionmnist_svg-tex.pdf_tex
<./svg-inkscape/histograma_intensidades_fashionmnist_svg-tex.pdf, id=71, page=1
, 715.59784pt x 353.47182pt>
File: ./svg-inkscape/histograma_intensidades_fashionmnist_svg-tex.pdf Graphic f
ile (type pdf)
<use ./svg-inkscape/histograma_intensidades_fashionmnist_svg-tex.pdf, page 1>
Package pdftex.def Info: ./svg-inkscape/histograma_intensidades_fashionmnist_sv
g-tex.pdf , page1 used on input line 56.
(pdftex.def)             Requested size: 232.19843pt x 114.69359pt.
)
LaTeX Font Info:    Trying to load font information for OT1+pcr on input line 1
43.

(/usr/local/texlive/2025/texmf-dist/tex/latex/psnfss/ot1pcr.fd
File: ot1pcr.fd 2001/06/04 font definitions for OT1/pcr.
)


Underfull \hbox (badness 2050) in paragraph at lines 163--164
[]\OT1/ptm/m/n/10 Finalmente, se in-cluir[]a una com-paraci[]on vi-sual en-tre
 []

Package svg Info: Last page of `./svg-inkscape/comparacion_normalizaciones_svg-
tex.pdf' is 1 on input line 168.
(./svg-inkscape/comparacion_normalizaciones_svg-tex.pdf_tex
<./svg-inkscape/comparacion_normalizaciones_svg-tex.pdf, id=73, page=1, 650.43p
t x 433.62pt>
File: ./svg-inkscape/comparacion_normalizaciones_svg-tex.pdf Graphic file (type
 pdf)
<use ./svg-inkscape/comparacion_normalizaciones_svg-tex.pdf, page 1>
Package pdftex.def Info: ./svg-inkscape/comparacion_normalizaciones_svg-tex.pdf
 , page1 used on input line 56.
(pdftex.def)             Requested size: 252.0pt x 167.99954pt.
)

[2 <./svg-inkscape/distribucion_clases_fashionmnist_svg-tex.pdf> <./svg-inkscap
e/histograma_intensidades_fashionmnist_svg-tex.pdf> <./svg-inkscape/comparacion
_normalizaciones_svg-tex.pdf>]


Underfull \hbox (badness 10000) in paragraph at lines 252--253
 \OT1/ptm/m/it/10 4) Uni-form Man-i-fold Ap-prox-i-ma-tion and Pro-jec-tion
 []



[3]



[4]
Underfull \hbox (badness 1783) in paragraph at lines 428--429
\OT1/ptm/m/n/10 cada com-bi-naci[]on, desta-cando los mejores mod-e-los por
 []


Overfull \hbox (1.04689pt too wide) in paragraph at lines 467--478
 [][] 
 []


Overfull \hbox (5.96687pt too wide) in paragraph at lines 501--512
 [][] 
 []


Overfull \hbox (8.59875pt too wide) in paragraph at lines 518--529
 [][] 
 []



Package svg Info: Last page of `./svg-inkscape/matriz_confusion_pca_svm_normali
zada_svg-tex.pdf' is 1 on input line 551.
(./svg-inkscape/matriz_confusion_pca_svm_normalizada_svg-tex.pdf_tex
<./svg-inkscape/matriz_confusion_pca_svm_normalizada_svg-tex.pdf, id=393, page=
1, 812.95412pt x 711.73264pt>
File: ./svg-inkscape/matriz_confusion_pca_svm_normalizada_svg-tex.pdf Graphic f
ile (type pdf)
<use ./svg-inkscape/matriz_confusion_pca_svm_normalizada_svg-tex.pdf, page 1>
Package pdftex.def Info: ./svg-inkscape/matriz_confusion_pca_svm_normalizada_sv
g-tex.pdf , page1 used on input line 56.
(pdftex.def)             Requested size: 175.43811pt x 153.59512pt.
)
Package svg Info: Last page of `./svg-inkscape/confusion_matrix_normalized_NMF_
svg-tex.pdf' is 1 on input line 560.

(./svg-inkscape/confusion_matrix_normalized_NMF_svg-tex.pdf_tex
<./svg-inkscape/confusion_matrix_normalized_NMF_svg-tex.pdf, id=395, page=1, 66
5.66447pt x 570.47798pt>
File: ./svg-inkscape/confusion_matrix_normalized_NMF_svg-tex.pdf Graphic file (
type pdf)
<use ./svg-inkscape/confusion_matrix_normalized_NMF_svg-tex.pdf, page 1>
Package pdftex.def Info: ./svg-inkscape/confusion_matrix_normalized_NMF_svg-tex
.pdf , page1 used on input line 56.
(pdftex.def)             Requested size: 175.43811pt x 150.34898pt.
)
Package svg Info: Last page of `./svg-inkscape/confusion_matrix_normalized_TSNE
_RF_svg-tex.pdf' is 1 on input line 569.

(./svg-inkscape/confusion_matrix_normalized_TSNE_RF_svg-tex.pdf_tex
<./svg-inkscape/confusion_matrix_normalized_TSNE_RF_svg-tex.pdf, id=397, page=1
, 665.66447pt x 570.47798pt>
File: ./svg-inkscape/confusion_matrix_normalized_TSNE_RF_svg-tex.pdf Graphic fi
le (type pdf)
<use ./svg-inkscape/confusion_matrix_normalized_TSNE_RF_svg-tex.pdf, page 1>
Package pdftex.def Info: ./svg-inkscape/confusion_matrix_normalized_TSNE_RF_svg
-tex.pdf , page1 used on input line 56.
(pdftex.def)             Requested size: 175.43811pt x 150.34898pt.
)
Package svg Info: Last page of `./svg-inkscape/confusion_matrix_normalized_UMAP
_SVM_svg-tex.pdf' is 1 on input line 578.

(./svg-inkscape/confusion_matrix_normalized_UMAP_SVM_svg-tex.pdf_tex
<./svg-inkscape/confusion_matrix_normalized_UMAP_SVM_svg-tex.pdf, id=399, page=
1, 665.66447pt x 570.47798pt>
File: ./svg-inkscape/confusion_matrix_normalized_UMAP_SVM_svg-tex.pdf Graphic f
ile (type pdf)
<use ./svg-inkscape/confusion_matrix_normalized_UMAP_SVM_svg-tex.pdf, page 1>
Package pdftex.def Info: ./svg-inkscape/confusion_matrix_normalized_UMAP_SVM_sv
g-tex.pdf , page1 used on input line 56.
(pdftex.def)             Requested size: 175.43811pt x 150.34898pt.
)
Package svg Info: Last page of `./svg-inkscape/confusion_matrix_normalized_Isom
ap_SVM_svg-tex.pdf' is 1 on input line 587.

(./svg-inkscape/confusion_matrix_normalized_Isomap_SVM_svg-tex.pdf_tex
<./svg-inkscape/confusion_matrix_normalized_Isomap_SVM_svg-tex.pdf, id=401, pag
e=1, 665.66447pt x 570.47798pt>
File: ./svg-inkscape/confusion_matrix_normalized_Isomap_SVM_svg-tex.pdf Graphic
 file (type pdf)
<use ./svg-inkscape/confusion_matrix_normalized_Isomap_SVM_svg-tex.pdf, page 1>

Package pdftex.def Info: ./svg-inkscape/confusion_matrix_normalized_Isomap_SVM_
svg-tex.pdf , page1 used on input line 56.
(pdftex.def)             Requested size: 175.43811pt x 150.34898pt.
)
Package svg Info: Last page of `./svg-inkscape/confusion_matrix_normalized_Spec
tral_RF_svg-tex.pdf' is 1 on input line 596.

(./svg-inkscape/confusion_matrix_normalized_Spectral_RF_svg-tex.pdf_tex
<./svg-inkscape/confusion_matrix_normalized_Spectral_RF_svg-tex.pdf, id=403, pa
ge=1, 665.66447pt x 570.47798pt>
File: ./svg-inkscape/confusion_matrix_normalized_Spectral_RF_svg-tex.pdf Graphi
c file (type pdf)
<use ./svg-inkscape/confusion_matrix_normalized_Spectral_RF_svg-tex.pdf, page 1
>
Package pdftex.def Info: ./svg-inkscape/confusion_matrix_normalized_Spectral_RF
_svg-tex.pdf , page1 used on input line 56.
(pdftex.def)             Requested size: 175.43811pt x 150.34898pt.
)

[5]



[6 <./svg-inkscape/matriz_confusion_pca_svm_normalizada_svg-tex.pdf> <./svg-ink
scape/confusion_matrix_normalized_NMF_svg-tex.pdf> <./svg-inkscape/confusion_ma
trix_normalized_TSNE_RF_svg-tex.pdf> <./svg-inkscape/confusion_matrix_normalize
d_UMAP_SVM_svg-tex.pdf> <./svg-inkscape/confusion_matrix_normalized_Isomap_SVM_
svg-tex.pdf> <./svg-inkscape/confusion_matrix_normalized_Spectral_RF_svg-tex.pd
f>]
Package svg Info: Last page of `./svg-inkscape/pca_2d_projection_svg-tex.pdf' i
s 1 on input line 612.
 (./svg-inkscape/pca_2d_projection_svg-tex.pdf_tex
<./svg-inkscape/pca_2d_projection_svg-tex.pdf, id=2247, page=1, 797.58292pt x 7
14.88866pt>
File: ./svg-inkscape/pca_2d_projection_svg-tex.pdf Graphic file (type pdf)
<use ./svg-inkscape/pca_2d_projection_svg-tex.pdf, page 1>
Package pdftex.def Info: ./svg-inkscape/pca_2d_projection_svg-tex.pdf , page1 u
sed on input line 56.
(pdftex.def)             Requested size: 120.95892pt x 108.41768pt.
)
Package svg Info: Last page of `./svg-inkscape/nmf_2d_projection_svg-tex.pdf' i
s 1 on input line 622.

(./svg-inkscape/nmf_2d_projection_svg-tex.pdf_tex
<./svg-inkscape/nmf_2d_projection_svg-tex.pdf, id=2249, page=1, 797.11963pt x 7
14.88866pt>
File: ./svg-inkscape/nmf_2d_projection_svg-tex.pdf Graphic file (type pdf)
<use ./svg-inkscape/nmf_2d_projection_svg-tex.pdf, page 1>
Package pdftex.def Info: ./svg-inkscape/nmf_2d_projection_svg-tex.pdf , page1 u
sed on input line 56.
(pdftex.def)             Requested size: 120.95892pt x 108.47221pt.
)
Package svg Info: Last page of `./svg-inkscape/tsne_2d_projection_svg-tex.pdf' 
is 1 on input line 632.

(./svg-inkscape/tsne_2d_projection_svg-tex.pdf_tex
<./svg-inkscape/tsne_2d_projection_svg-tex.pdf, id=2251, page=1, 797.57782pt x 
714.78702pt>
File: ./svg-inkscape/tsne_2d_projection_svg-tex.pdf Graphic file (type pdf)
<use ./svg-inkscape/tsne_2d_projection_svg-tex.pdf, page 1>
Package pdftex.def Info: ./svg-inkscape/tsne_2d_projection_svg-tex.pdf , page1 
used on input line 56.
(pdftex.def)             Requested size: 120.95892pt x 108.40225pt.
)
Package svg Info: Last page of `./svg-inkscape/umap_2d_projection_svg-tex.pdf' 
is 1 on input line 642.

(./svg-inkscape/umap_2d_projection_svg-tex.pdf_tex
<./svg-inkscape/umap_2d_projection_svg-tex.pdf, id=2253, page=1, 797.94063pt x 
714.88866pt>
File: ./svg-inkscape/umap_2d_projection_svg-tex.pdf Graphic file (type pdf)
<use ./svg-inkscape/umap_2d_projection_svg-tex.pdf, page 1>
Package pdftex.def Info: ./svg-inkscape/umap_2d_projection_svg-tex.pdf , page1 
used on input line 56.
(pdftex.def)             Requested size: 120.95892pt x 108.36313pt.
)
Package svg Info: Last page of `./svg-inkscape/spectral_2d_projection_svg-tex.p
df' is 1 on input line 652.

(./svg-inkscape/spectral_2d_projection_svg-tex.pdf_tex
<./svg-inkscape/spectral_2d_projection_svg-tex.pdf, id=2255, page=1, 799.62796p
t x 714.78702pt>
File: ./svg-inkscape/spectral_2d_projection_svg-tex.pdf Graphic file (type pdf)

<use ./svg-inkscape/spectral_2d_projection_svg-tex.pdf, page 1>
Package pdftex.def Info: ./svg-inkscape/spectral_2d_projection_svg-tex.pdf , pa
ge1 used on input line 56.
(pdftex.def)             Requested size: 120.95892pt x 108.11868pt.
)
Package svg Info: Last page of `./svg-inkscape/isomap_2d_projection_svg-tex.pdf
' is 1 on input line 662.

(./svg-inkscape/isomap_2d_projection_svg-tex.pdf_tex
<./svg-inkscape/isomap_2d_projection_svg-tex.pdf, id=2257, page=1, 797.65967pt 
x 714.88866pt>
File: ./svg-inkscape/isomap_2d_projection_svg-tex.pdf Graphic file (type pdf)
<use ./svg-inkscape/isomap_2d_projection_svg-tex.pdf, page 1>
Package pdftex.def Info: ./svg-inkscape/isomap_2d_projection_svg-tex.pdf , page
1 used on input line 56.
(pdftex.def)             Requested size: 120.95892pt x 108.40677pt.
)



[7 <./svg-inkscape/pca_2d_projection_svg-tex.pdf> <./svg-inkscape/nmf_2d_projec
tion_svg-tex.pdf> <./svg-inkscape/tsne_2d_projection_svg-tex.pdf> <./svg-inksca
pe/umap_2d_projection_svg-tex.pdf> <./svg-inkscape/spectral_2d_projection_svg-t
ex.pdf> <./svg-inkscape/isomap_2d_projection_svg-tex.pdf>]
Package svg Info: Last page of `./svg-inkscape/modelos_mas_rapidos_por_tecnica_
svg-tex.pdf' is 1 on input line 701.

(./svg-inkscape/modelos_mas_rapidos_por_tecnica_svg-tex.pdf_tex
<./svg-inkscape/modelos_mas_rapidos_por_tecnica_svg-tex.pdf, id=183929, page=1,
 722.7pt x 433.62pt>
File: ./svg-inkscape/modelos_mas_rapidos_por_tecnica_svg-tex.pdf Graphic file (
type pdf)
<use ./svg-inkscape/modelos_mas_rapidos_por_tecnica_svg-tex.pdf, page 1>
Package pdftex.def Info: ./svg-inkscape/modelos_mas_rapidos_por_tecnica_svg-tex
.pdf , page1 used on input line 56.
(pdftex.def)             Requested size: 258.0pt x 154.79962pt.
)
Overfull \hbox (6.0pt too wide) in paragraph at lines 701--702
 [][] 
 []

Package svg Info: Last page of `./svg-inkscape/top5_models_svg-tex.pdf' is 1 on
 input line 744.
(./svg-inkscape/top5_models_svg-tex.pdf_tex
<./svg-inkscape/top5_models_svg-tex.pdf, id=183931, page=1, 578.16pt x 361.35pt
>
File: ./svg-inkscape/top5_models_svg-tex.pdf Graphic file (type pdf)
<use ./svg-inkscape/top5_models_svg-tex.pdf, page 1>
Package pdftex.def Info: ./svg-inkscape/top5_models_svg-tex.pdf , page1 used on
 input line 56.
(pdftex.def)             Requested size: 246.95892pt x 154.34639pt.
)


Underfull \hbox (badness 10000) in paragraph at lines 758--759

 []


Underfull \hbox (badness 10000) in paragraph at lines 763--764
\OT1/ptm/m/n/10 de-sempe[]no global, obte-niendo un \OT1/ptm/b/n/10 F1-Score de

 []


Underfull \hbox (badness 10000) in paragraph at lines 763--764

 []


Underfull \hbox (badness 10000) in paragraph at lines 770--771

 []


Underfull \hbox (badness 10000) in paragraph at lines 772--773

 []



[8 <./svg-inkscape/modelos_mas_rapidos_por_tecnica_svg-tex.pdf> <./svg-inkscape
/top5_models_svg-tex.pdf>]
Underfull \hbox (badness 8000) in paragraph at lines 776--777
[]\OT1/ptm/m/n/10 La adopci[]on de \OT1/ptm/m/it/10 Halv-ing Grid Search \OT1/p
tm/m/n/10 re-dujo los
 []


Underfull \hbox (badness 10000) in paragraph at lines 776--777

 []


Underfull \hbox (badness 1694) in paragraph at lines 780--781
\OT1/ptm/m/n/10 para clasi-fi-caci[]on de im[]agenes cuando se com-bina con
 []


Underfull \hbox (badness 10000) in paragraph at lines 780--781

 []


Underfull \hbox (badness 10000) in paragraph at lines 782--783
[]\OT1/ptm/m/n/10 Como tra-bajo fu-turo, es prom-ete-dor usar es-tas
 []


Underfull \hbox (badness 3281) in paragraph at lines 782--783
\OT1/ptm/m/n/10 rep-re-senta-ciones re-duci-das como en-trada a \OT1/ptm/m/it/1
0 CNNs \OT1/ptm/m/n/10 para
 []


Underfull \hbox (badness 10000) in paragraph at lines 782--783

 []

(./main.bbl)

** Conference Paper **
Before submitting the final camera ready copy, remember to:

 1. Manually equalize the lengths of two columns on the last page
 of your paper;

 2. Ensure that any PostScript and/or PDF output post-processing
 uses only Type 1 fonts and that every step in the generation
 process uses the appropriate paper size.





[9

] (./main.aux)
 ***********
LaTeX2e <2024-11-01> patch level 2
L3 programming layer <2025-01-18>
 ***********
 ) 
Here is how much of TeX's memory you used:
 8709 strings out of 473190
 171591 string characters out of 5715799
 598832 words of memory out of 5000000
 31691 multiletter control sequences out of 15000+600000
 603071 words of font info for 124 fonts, out of 8000000 for 9000
 1141 hyphenation exceptions out of 8191
 94i,16n,93p,853b,478s stack positions out of 10000i,1000n,20000p,200000b,200000s
</usr/local/texlive/2025/texmf-dist/fonts/type1/public/amsfonts/cm/cmbx10.pfb
></usr/local/texlive/2025/texmf-dist/fonts/type1/public/amsfonts/cm/cmbx7.pfb><
/usr/local/texlive/2025/texmf-dist/fonts/type1/public/amsfonts/cm/cmex10.pfb></
usr/local/texlive/2025/texmf-dist/fonts/type1/public/amsfonts/cm/cmmi10.pfb></u
sr/local/texlive/2025/texmf-dist/fonts/type1/public/amsfonts/cm/cmmi5.pfb></usr
/local/texlive/2025/texmf-dist/fonts/type1/public/amsfonts/cm/cmmi7.pfb></usr/l
ocal/texlive/2025/texmf-dist/fonts/type1/public/amsfonts/cm/cmmi9.pfb></usr/loc
al/texlive/2025/texmf-dist/fonts/type1/public/amsfonts/cm/cmr10.pfb></usr/local
/texlive/2025/texmf-dist/fonts/type1/public/amsfonts/cm/cmr7.pfb></usr/local/te
xlive/2025/texmf-dist/fonts/type1/public/amsfonts/cm/cmsy10.pfb></usr/local/tex
live/2025/texmf-dist/fonts/type1/public/amsfonts/cm/cmsy5.pfb></usr/local/texli
ve/2025/texmf-dist/fonts/type1/public/amsfonts/cm/cmsy7.pfb></usr/local/texlive
/2025/texmf-dist/fonts/type1/public/amsfonts/symbols/msbm10.pfb></usr/local/tex
live/2025/texmf-dist/fonts/type1/urw/courier/ucrr8a.pfb></usr/local/texlive/202
5/texmf-dist/fonts/type1/urw/times/utmb8a.pfb></usr/local/texlive/2025/texmf-di
st/fonts/type1/urw/times/utmbi8a.pfb></usr/local/texlive/2025/texmf-dist/fonts/
type1/urw/times/utmr8a.pfb></usr/local/texlive/2025/texmf-dist/fonts/type1/urw/
times/utmri8a.pfb>
Output written on main.pdf (9 pages, 29797941 bytes).
PDF statistics:
 184173 PDF objects out of 197575 (max. 8388607)
 121939 compressed objects within 1220 object streams
 0 named destinations out of 1000 (max. 500000)
 193 words of extra memory for PDF output out of 10000 (max. 10000000)

